2025-03-01 11:16:39,086 - __main__ - INFO - Processing statistics for dataset: bbc_investeringsuitgaven_wegen_infra
2025-03-01 11:19:51,065 - __main__ - INFO - Processing statistics for dataset: bbc_investeringsuitgaven_wegen_infra
2025-03-01 11:19:51,078 - __main__ - INFO - Calculating statistics for variable: antwerpen
2025-03-01 11:19:51,125 - __main__ - INFO - Calculating statistics for variable: limburg
2025-03-01 11:19:51,127 - __main__ - INFO - Calculating statistics for variable: oost_vlaanderen
2025-03-01 11:19:51,129 - __main__ - INFO - Calculating statistics for variable: vlaams_brabant
2025-03-01 11:19:51,131 - __main__ - INFO - Calculating statistics for variable: west_vlaanderen
2025-03-01 11:19:51,141 - __main__ - INFO - Statistics saved to /content/drive/MyDrive/Colab Notebooks/automated_reporting/data/statistics/statistics_20250301_111951.json
2025-03-01 11:21:50,959 - __main__ - INFO - Processing statistics for dataset: bbc_investeringsuitgaven_wegen_infra
2025-03-01 11:21:50,969 - __main__ - INFO - Calculating statistics for variable: antwerpen
2025-03-01 11:21:50,971 - __main__ - INFO - Calculating statistics for variable: limburg
2025-03-01 11:21:50,973 - __main__ - INFO - Calculating statistics for variable: oost_vlaanderen
2025-03-01 11:21:50,974 - __main__ - INFO - Calculating statistics for variable: vlaams_brabant
2025-03-01 11:21:50,976 - __main__ - INFO - Calculating statistics for variable: west_vlaanderen
2025-03-01 11:21:50,983 - __main__ - INFO - Statistics saved to /content/drive/MyDrive/Colab Notebooks/automated_reporting/data/statistics/statistics_20250301_112150.json
2025-03-01 11:22:16,253 - __main__ - INFO - Processing statistics for dataset: bbc_investeringsuitgaven_wegen_infra
2025-03-01 11:22:16,262 - __main__ - INFO - Calculating statistics for variable: antwerpen
2025-03-01 11:22:16,265 - __main__ - INFO - Calculating statistics for variable: limburg
2025-03-01 11:22:16,267 - __main__ - INFO - Calculating statistics for variable: oost_vlaanderen
2025-03-01 11:22:16,268 - __main__ - INFO - Calculating statistics for variable: vlaams_brabant
2025-03-01 11:22:16,270 - __main__ - INFO - Calculating statistics for variable: west_vlaanderen
2025-03-01 11:22:16,277 - __main__ - INFO - Statistics saved to /content/drive/MyDrive/Colab Notebooks/automated_reporting/data/statistics/statistics_20250301_112216.json
2025-03-01 11:22:16,298 - __main__ - INFO - Statistics prompt text saved to /content/drive/MyDrive/Colab Notebooks/automated_reporting/data/statistics/statistics_prompt_20250301_112216.txt
